TOTAL 76
DRWXR-XR-X  20 ROOT ROOT  4096 SEP 14 00:21 .
DRWXR-XR-X  20 ROOT ROOT  4096 SEP 14 00:21 ..
DRWXR-XR-X   3 ROOT ROOT  4096 AUG 26 18:04 .CACHE
LRWXRWXRWX   1 ROOT ROOT     7 AUG 18 22:06 BIN -> USR/BIN
DRWXR-XR-X   4 ROOT ROOT  4096 SEP 13 19:35 BOOT
DRWXR-XR-X  16 ROOT ROOT  3960 SEP 14 00:21 DEV
DRWXR-XR-X 120 ROOT ROOT  4096 SEP 14 00:21 ETC
DRWXR-XR-X   6 ROOT ROOT  4096 AUG 26 18:40 HOME
LRWXRWXRWX   1 ROOT ROOT     7 AUG 18 22:06 LIB -> USR/LIB
LRWXRWXRWX   1 ROOT ROOT     9 AUG 18 22:06 LIB32 -> USR/LIB32
LRWXRWXRWX   1 ROOT ROOT     9 AUG 18 22:06 LIB64 -> USR/LIB64
LRWXRWXRWX   1 ROOT ROOT    10 AUG 18 22:06 LIBX32 -> USR/LIBX32
DRWX------   2 ROOT ROOT 16384 AUG 18 22:14 LOST+FOUND
DRWXR-XR-X   2 ROOT ROOT  4096 AUG 18 22:06 MEDIA
DRWXR-XR-X   2 ROOT ROOT  4096 AUG 18 22:06 MNT
DRWXR-XR-X   4 ROOT ROOT  4096 AUG 26 18:49 OPT
DR-XR-XR-X 189 ROOT ROOT     0 SEP 14 00:21 PROC
DRWX------   5 ROOT ROOT  4096 AUG 26 18:48 ROOT
DRWXR-XR-X  29 ROOT ROOT   920 SEP 14 00:24 RUN
LRWXRWXRWX   1 ROOT ROOT     8 AUG 18 22:06 SBIN -> USR/SBIN
DRWXR-XR-X  12 ROOT ROOT  4096 AUG 26 18:47 SNAP
DRWXR-XR-X   2 ROOT ROOT  4096 AUG 18 22:06 SRV
DR-XR-XR-X  13 ROOT ROOT     0 SEP 14 00:21 SYS
DRWXRWXRWT  11 ROOT ROOT  4096 SEP 14 01:54 TMP
DRWXR-XR-X  14 ROOT ROOT  4096 AUG 18 22:06 USR
DRWXR-XR-X  13 ROOT ROOT  4096 AUG 18 22:14 VAR
